// Jest Snapshot v1, https://goo.gl/fbAQLP

exports[`should match snapshot 1`] = `
<DocumentFragment>
  <div>
    <ul
      class="list-group"
    >
      <ul
        class="list-inline"
      >
        <a
          href="/costumes/Grim Reaper"
        >
          Grim Reaper
        </a>
      </ul>
    </ul>
  </div>
</DocumentFragment>
`;
