// Jest Snapshot v1, https://goo.gl/fbAQLP

exports[`should match snapshot 1`] = `
<DocumentFragment>
  <div>
    <h3
      class="result-text"
    >
       Watch this tutorial to learn how to transform yourself into 
    </h3>
    <p
      class="result-text"
    >
      FAKE
    </p>
    <iframe
      allow="accelerometer; autoplay; clipboard-write; encrypted-media; gyroscope; picture-in-picture"
      frameborder="0"
      height="315"
      width="560"
    />
    <p
      class="title"
    />
  </div>
</DocumentFragment>
`;
